// Jest Snapshot v1, https://goo.gl/fbAQLP

exports[`<Background> component renders correctly 1`] = `
<Image
  source={
    Object {
      "uri": "https://google.com",
    }
  }
  style={
    Object {
      "bottom": 0,
      "height": 1334,
      "left": 0,
      "position": "absolute",
      "resizeMode": "cover",
      "right": 0,
      "top": 0,
      "width": 750,
    }
  }
/>
`;
